Component: Arm Compiler for Embedded 6.24 Tool: armlink [5f371500]

==============================================================================

Small function inlining results

Inlined function __aeabi_idiv0 from idiv0.o at offset 0x160 in aeabi_sdiv.o(.text).
Inlined Instruction: BX       lr
Inlined function __aeabi_idiv0 from idiv0.o at offset 0xc in aeabi_sdiv_div0.o(.text).
Inlined Instruction: BX       lr
Inlined function __aeabi_idiv0 from idiv0.o at offset 0x176 in aeabi_sdiv_div0.o(.text).
Inlined Instruction: BX       lr
Inlined function __aeabi_idiv0 from idiv0.o at offset 0x18 in uidiv_div0.o(.text).
Inlined Instruction: BX       lr
Inlined function __aeabi_idiv0 from idiv0.o at offset 0x42 in idiv_div0.o(.text).
Inlined Instruction: BX       lr
Inlined total of 5 calls.

==============================================================================

Image Symbol Table

    Local Symbols

    Symbol Name                              Value     Ov Type        Size  Object(Section)

    ../clib/division.s                       0x00000000   Number         0  aeabi_sdiv.o ABSOLUTE
    ../clib/division.s                       0x00000000   Number         0  aeabi_sdiv_div0.o ABSOLUTE
    ../clib/microlib/division.c              0x00000000   Number         0  uidiv.o ABSOLUTE
    ../clib/microlib/division.c              0x00000000   Number         0  uidiv_div0.o ABSOLUTE
    ../clib/microlib/division.c              0x00000000   Number         0  idiv_div0.o ABSOLUTE
    ../clib/microlib/division.c              0x00000000   Number         0  idiv0.o ABSOLUTE
    ../clib/microlib/division.c              0x00000000   Number         0  uldiv.o ABSOLUTE
    ../clib/microlib/init/entry.s            0x00000000   Number         0  entry.o ABSOLUTE
    ../clib/microlib/init/entry.s            0x00000000   Number         0  entry2.o ABSOLUTE
    ../clib/microlib/init/entry.s            0x00000000   Number         0  entry5.o ABSOLUTE
    ../clib/microlib/init/entry.s            0x00000000   Number         0  entry7a.o ABSOLUTE
    ../clib/microlib/init/entry.s            0x00000000   Number         0  entry7b.o ABSOLUTE
    ../clib/microlib/init/entry.s            0x00000000   Number         0  entry8a.o ABSOLUTE
    ../clib/microlib/init/entry.s            0x00000000   Number         0  entry8b.o ABSOLUTE
    ../clib/microlib/init/entry.s            0x00000000   Number         0  entry9a.o ABSOLUTE
    ../clib/microlib/init/entry.s            0x00000000   Number         0  entry9b.o ABSOLUTE
    ../clib/microlib/init/entry.s            0x00000000   Number         0  entry10a.o ABSOLUTE
    ../clib/microlib/init/entry.s            0x00000000   Number         0  entry10b.o ABSOLUTE
    ../clib/microlib/init/entry.s            0x00000000   Number         0  entry11a.o ABSOLUTE
    ../clib/microlib/init/entry.s            0x00000000   Number         0  entry11b.o ABSOLUTE
    ../clib/microlib/longlong.c              0x00000000   Number         0  llshl.o ABSOLUTE
    ../clib/microlib/longlong.c              0x00000000   Number         0  llushr.o ABSOLUTE
    ../clib/microlib/longlong.c              0x00000000   Number         0  llsshr.o ABSOLUTE
    ../clib/microlib/printf/printf.c         0x00000000   Number         0  printfa.o ABSOLUTE
    ../clib/microlib/stubs.s                 0x00000000   Number         0  iusefp.o ABSOLUTE
    ../fplib/microlib/fpadd.c                0x00000000   Number         0  dadd.o ABSOLUTE
    ../fplib/microlib/fpdiv.c                0x00000000   Number         0  ddiv.o ABSOLUTE
    ../fplib/microlib/fpepilogue.c           0x00000000   Number         0  depilogue.o ABSOLUTE
    ../fplib/microlib/fpfix.c                0x00000000   Number         0  dfixul.o ABSOLUTE
    ../fplib/microlib/fpmul.c                0x00000000   Number         0  dmul.o ABSOLUTE
    ..\..\..\Library\Device\Nuvoton\NUC029xAN\Source\ARM\startup_NUC029xAN.s 0x00000000   Number         0  startup_nuc029xan.o ABSOLUTE
    cdrcmple.s                               0x00000000   Number         0  cdrcmple.o ABSOLUTE
    clk.c                                    0x00000000   Number         0  clk.o ABSOLUTE
    handlers.s                               0x00000000   Number         0  handlers.o ABSOLUTE
    init.s                                   0x00000000   Number         0  init.o ABSOLUTE
    main.c                                   0x00000000   Number         0  main.o ABSOLUTE
    retarget.c                               0x00000000   Number         0  retarget.o ABSOLUTE
    switch.c                                 0x00000000   Number         0  switch.o ABSOLUTE
    sys.c                                    0x00000000   Number         0  sys.o ABSOLUTE
    system_NUC029xAN.c                       0x00000000   Number         0  system_nuc029xan.o ABSOLUTE
    uart.c                                   0x00000000   Number         0  uart.o ABSOLUTE
    RESET                                    0x00000000   Section      192  startup_nuc029xan.o(RESET)
    .ARM.Collect$$$$00000000                 0x000000c0   Section        0  entry.o(.ARM.Collect$$$$00000000)
    .ARM.Collect$$$$00000001                 0x000000c0   Section        4  entry2.o(.ARM.Collect$$$$00000001)
    .ARM.Collect$$$$00000004                 0x000000c4   Section        4  entry5.o(.ARM.Collect$$$$00000004)
    .ARM.Collect$$$$00000008                 0x000000c8   Section        0  entry7b.o(.ARM.Collect$$$$00000008)
    .ARM.Collect$$$$0000000A                 0x000000c8   Section        0  entry8b.o(.ARM.Collect$$$$0000000A)
    .ARM.Collect$$$$0000000B                 0x000000c8   Section        8  entry9a.o(.ARM.Collect$$$$0000000B)
    __lit__00000000                          0x000000d0   Data           4  entry2.o(.ARM.Collect$$$$00002712)
    .ARM.Collect$$$$0000000D                 0x000000d0   Section        0  entry10a.o(.ARM.Collect$$$$0000000D)
    .ARM.Collect$$$$0000000F                 0x000000d0   Section        0  entry11a.o(.ARM.Collect$$$$0000000F)
    .ARM.Collect$$$$00002712                 0x000000d0   Section        4  entry2.o(.ARM.Collect$$$$00002712)
    .text                                    0x000000d4   Section      116  startup_nuc029xan.o(.text)
    Default_Handler                          0x0000010d   Thumb Code     2  startup_nuc029xan.o(.text)
    .text                                    0x00000148   Section        0  uidiv_div0.o(.text)
    .text                                    0x00000186   Section        0  uldiv.o(.text)
    .text                                    0x000001e6   Section        0  iusefp.o(.text)
    .text                                    0x000001e8   Section        0  dadd.o(.text)
    .text                                    0x0000034c   Section        0  dmul.o(.text)
    .text                                    0x0000041c   Section        0  ddiv.o(.text)
    .text                                    0x0000050c   Section        0  dfixul.o(.text)
    .text                                    0x0000054c   Section       40  cdrcmple.o(.text)
    .text                                    0x00000574   Section       48  init.o(.text)
    .text                                    0x000005a4   Section        0  llshl.o(.text)
    .text                                    0x000005c4   Section        0  llushr.o(.text)
    .text                                    0x000005e6   Section        0  llsshr.o(.text)
    .text                                    0x0000060c   Section        0  depilogue.o(.text)
    CLK_GetPLLClockFreq                      0x000006cd   Thumb Code   152  system_nuc029xan.o(.text.CLK_GetPLLClockFreq)
    [Anonymous Symbol]                       0x000006cc   Section        0  system_nuc029xan.o(.text.CLK_GetPLLClockFreq)
    CLK_GetPLLClockFreq                      0x00000765   Thumb Code   152  uart.o(.text.CLK_GetPLLClockFreq)
    [Anonymous Symbol]                       0x00000764   Section        0  uart.o(.text.CLK_GetPLLClockFreq)
    __arm_cp.9_0                             0x000007fc   Number         4  uart.o(.text.CLK_GetPLLClockFreq)
    __arm_cp.9_1                             0x00000800   Number         4  uart.o(.text.CLK_GetPLLClockFreq)
    __arm_cp.9_2                             0x00000804   Number         4  uart.o(.text.CLK_GetPLLClockFreq)
    __arm_cp.9_3                             0x00000808   Number         4  uart.o(.text.CLK_GetPLLClockFreq)
    __arm_cp.9_4                             0x0000080c   Number         4  uart.o(.text.CLK_GetPLLClockFreq)
    [Anonymous Symbol]                       0x00000810   Section        0  switch.o(.text.GPIOP2P3P4_IRQHandler)
    NVIC_EnableIRQ                           0x00000865   Thumb Code    28  switch.o(.text.NVIC_EnableIRQ)
    [Anonymous Symbol]                       0x00000864   Section        0  switch.o(.text.NVIC_EnableIRQ)
    __arm_cp.4_0                             0x00000880   Number         4  switch.o(.text.NVIC_EnableIRQ)
    [Anonymous Symbol]                       0x00000884   Section        0  retarget.o(.text.ProcessHardFault)
    __arm_cp.0_0                             0x000008c4   Number         4  retarget.o(.text.ProcessHardFault)
    [Anonymous Symbol]                       0x000008c8   Section        0  retarget.o(.text.SH_Return)
    [Anonymous Symbol]                       0x000008d8   Section        0  switch.o(.text.SW_GetEvent)
    [Anonymous Symbol]                       0x000008f4   Section        0  switch.o(.text.SW_GetState)
    __arm_cp.2_0                             0x00000908   Number         4  switch.o(.text.SW_GetState)
    [Anonymous Symbol]                       0x0000090c   Section        0  switch.o(.text.SW_Init)
    __arm_cp.3_0                             0x000009cc   Number         4  switch.o(.text.SW_Init)
    __arm_cp.3_2                             0x000009d0   Number         4  switch.o(.text.SW_Init)
    __arm_cp.3_3                             0x000009d4   Number         4  switch.o(.text.SW_Init)
    __arm_cp.3_5                             0x000009d8   Number         4  switch.o(.text.SW_Init)
    __arm_cp.3_6                             0x000009dc   Number         4  switch.o(.text.SW_Init)
    __arm_cp.3_7                             0x000009e0   Number         4  switch.o(.text.SW_Init)
    __arm_cp.3_8                             0x000009e4   Number         4  switch.o(.text.SW_Init)
    __arm_cp.3_9                             0x000009e8   Number         4  switch.o(.text.SW_Init)
    __arm_cp.3_10                            0x000009ec   Number         4  switch.o(.text.SW_Init)
    [Anonymous Symbol]                       0x000009f0   Section        0  switch.o(.text.SW_Process)
    __arm_cp.5_0                             0x00000a78   Number         4  switch.o(.text.SW_Process)
    __arm_cp.5_1                             0x00000a7c   Number         4  switch.o(.text.SW_Process)
    __arm_cp.5_2                             0x00000a80   Number         4  switch.o(.text.SW_Process)
    [Anonymous Symbol]                       0x00000a84   Section        0  main.o(.text.SYS_Init)
    __arm_cp.1_0                             0x00000ab0   Number         4  main.o(.text.SYS_Init)
    __arm_cp.1_1                             0x00000ab4   Number         4  main.o(.text.SYS_Init)
    __arm_cp.1_2                             0x00000ab8   Number         4  main.o(.text.SYS_Init)
    SYS_LockReg                              0x00000abd   Thumb Code     8  main.o(.text.SYS_LockReg)
    [Anonymous Symbol]                       0x00000abc   Section        0  main.o(.text.SYS_LockReg)
    SYS_UnlockReg                            0x00000ac5   Thumb Code    52  main.o(.text.SYS_UnlockReg)
    [Anonymous Symbol]                       0x00000ac4   Section        0  main.o(.text.SYS_UnlockReg)
    __arm_cp.2_0                             0x00000af8   Number         4  main.o(.text.SYS_UnlockReg)
    __arm_cp.2_1                             0x00000afc   Number         4  main.o(.text.SYS_UnlockReg)
    [Anonymous Symbol]                       0x00000b00   Section        0  retarget.o(.text.SendChar)
    [Anonymous Symbol]                       0x00000b10   Section        0  retarget.o(.text.SendChar_ToUART)
    __arm_cp.2_0                             0x00000b50   Number         4  retarget.o(.text.SendChar_ToUART)
    [Anonymous Symbol]                       0x00000b54   Section        0  system_nuc029xan.o(.text.SystemCoreClockUpdate)
    __arm_cp.0_0                             0x00000bb4   Number         4  system_nuc029xan.o(.text.SystemCoreClockUpdate)
    __arm_cp.0_1                             0x00000bb8   Number         4  system_nuc029xan.o(.text.SystemCoreClockUpdate)
    __arm_cp.0_2                             0x00000bbc   Number         4  system_nuc029xan.o(.text.SystemCoreClockUpdate)
    __arm_cp.0_4                             0x00000bc0   Number         4  system_nuc029xan.o(.text.SystemCoreClockUpdate)
    __arm_cp.0_5                             0x00000bc4   Number         4  system_nuc029xan.o(.text.SystemCoreClockUpdate)
    __arm_cp.0_6                             0x00000bc8   Number         4  system_nuc029xan.o(.text.SystemCoreClockUpdate)
    __arm_cp.0_7                             0x00000bcc   Number         4  system_nuc029xan.o(.text.SystemCoreClockUpdate)
    [Anonymous Symbol]                       0x00000bd0   Section        0  system_nuc029xan.o(.text.SystemInit)
    [Anonymous Symbol]                       0x00000bd4   Section        0  uart.o(.text.UART_Open)
    __arm_cp.8_0                             0x00000ca8   Number         4  uart.o(.text.UART_Open)
    __arm_cp.8_1                             0x00000cac   Number         4  uart.o(.text.UART_Open)
    __arm_cp.8_2                             0x00000cb0   Number         4  uart.o(.text.UART_Open)
    __arm_cp.8_3                             0x00000cb4   Number         4  uart.o(.text.UART_Open)
    __arm_cp.8_4                             0x00000cb8   Number         4  uart.o(.text.UART_Open)
    [Anonymous Symbol]                       0x00000cbc   Section        0  retarget.o(.text.fputc)
    [Anonymous Symbol]                       0x00000cd0   Section        0  main.o(.text.main)
    __arm_cp.4_0                             0x00000d34   Number         4  main.o(.text.main)
    __arm_cp.4_1                             0x00000d38   Number         4  main.o(.text.main)
    __arm_cp.4_2                             0x00000d3c   Number         4  main.o(.text.main)
    i.__0printf                              0x00000d40   Section        0  printfa.o(i.__0printf)
    i.__ARM_clz                              0x00000d60   Section        0  depilogue.o(i.__ARM_clz)
    i.__scatterload_copy                     0x00000d8e   Section       14  handlers.o(i.__scatterload_copy)
    i.__scatterload_null                     0x00000d9c   Section        2  handlers.o(i.__scatterload_null)
    i.__scatterload_zeroinit                 0x00000d9e   Section       14  handlers.o(i.__scatterload_zeroinit)
    _fp_digits                               0x00000dad   Thumb Code   344  printfa.o(i._fp_digits)
    i._fp_digits                             0x00000dac   Section        0  printfa.o(i._fp_digits)
    _printf_core                             0x00000f21   Thumb Code  1754  printfa.o(i._printf_core)
    i._printf_core                           0x00000f20   Section        0  printfa.o(i._printf_core)
    _printf_post_padding                     0x0000160d   Thumb Code    32  printfa.o(i._printf_post_padding)
    i._printf_post_padding                   0x0000160c   Section        0  printfa.o(i._printf_post_padding)
    _printf_pre_padding                      0x0000162d   Thumb Code    44  printfa.o(i._printf_pre_padding)
    i._printf_pre_padding                    0x0000162c   Section        0  printfa.o(i._printf_pre_padding)
    [Anonymous Symbol]                       0x00001678   Section        0  retarget.o(.rodata.str1.1)
    [Anonymous Symbol]                       0x00001687   Section        0  main.o(.rodata.str1.1)
    sw_list                                  0x000016a8   Data          24  switch.o(.rodata.sw_list)
    [Anonymous Symbol]                       0x000016a8   Section        0  switch.o(.rodata.sw_list)
    SW_Process.relay_state                   0x20000010   Data           1  switch.o(.bss.SW_Process.relay_state)
    [Anonymous Symbol]                       0x20000010   Section        0  switch.o(.bss.SW_Process.relay_state)
    sw_event                                 0x20000068   Data           3  switch.o(.bss.sw_event)
    [Anonymous Symbol]                       0x20000068   Section        0  switch.o(.bss.sw_event)
    sw_state                                 0x2000006b   Data           3  switch.o(.bss.sw_state)
    [Anonymous Symbol]                       0x2000006b   Section        0  switch.o(.bss.sw_state)
    STACK                                    0x20000070   Section      512  startup_nuc029xan.o(STACK)

    Global Symbols

    Symbol Name                              Value     Ov Type        Size  Object(Section)

    BuildAttributes$$THM_ISAv3M$S$PE$A:L22$X:L11$S22$IEEE1$IW$~IW$USESV6$~STKCKD$USESV7$~SHL$OSPACE$ROPI$EBA8$MICROLIB$REQ8$PRES8$EABIv2 0x00000000   Number         0  anon$$obj.o ABSOLUTE
    __Vectors                                0x00000000   Data           4  startup_nuc029xan.o(RESET)
    __cpp_initialize__aeabi_                  - Undefined Weak Reference
    __cxa_finalize                            - Undefined Weak Reference
    __decompress                              - Undefined Weak Reference
    _clock_init                               - Undefined Weak Reference
    _microlib_exit                            - Undefined Weak Reference
    __main                                   0x000000c1   Thumb Code     0  entry.o(.ARM.Collect$$$$00000000)
    _main_stk                                0x000000c1   Thumb Code     0  entry2.o(.ARM.Collect$$$$00000001)
    _main_scatterload                        0x000000c5   Thumb Code     0  entry5.o(.ARM.Collect$$$$00000004)
    __main_after_scatterload                 0x000000c9   Thumb Code     0  entry5.o(.ARM.Collect$$$$00000004)
    _main_clock                              0x000000c9   Thumb Code     0  entry7b.o(.ARM.Collect$$$$00000008)
    _main_cpp_init                           0x000000c9   Thumb Code     0  entry8b.o(.ARM.Collect$$$$0000000A)
    _main_init                               0x000000c9   Thumb Code     0  entry9a.o(.ARM.Collect$$$$0000000B)
    __rt_final_cpp                           0x000000d1   Thumb Code     0  entry10a.o(.ARM.Collect$$$$0000000D)
    __rt_final_exit                          0x000000d1   Thumb Code     0  entry11a.o(.ARM.Collect$$$$0000000F)
    Reset_Handler                            0x000000d5   Thumb Code    32  startup_nuc029xan.o(.text)
    NMI_Handler                              0x000000f5   Thumb Code     2  startup_nuc029xan.o(.text)
    HardFault_Handler                        0x000000f7   Thumb Code    16  startup_nuc029xan.o(.text)
    SVC_Handler                              0x00000107   Thumb Code     2  startup_nuc029xan.o(.text)
    PendSV_Handler                           0x00000109   Thumb Code     2  startup_nuc029xan.o(.text)
    SysTick_Handler                          0x0000010b   Thumb Code     2  startup_nuc029xan.o(.text)
    ACMP01_IRQHandler                        0x0000010d   Thumb Code     0  startup_nuc029xan.o(.text)
    ACMP23_IRQHandler                        0x0000010d   Thumb Code     0  startup_nuc029xan.o(.text)
    ADC_IRQHandler                           0x0000010d   Thumb Code     0  startup_nuc029xan.o(.text)
    BOD_IRQHandler                           0x0000010d   Thumb Code     0  startup_nuc029xan.o(.text)
    EINT0_IRQHandler                         0x0000010d   Thumb Code     0  startup_nuc029xan.o(.text)
    EINT1_IRQHandler                         0x0000010d   Thumb Code     0  startup_nuc029xan.o(.text)
    GPIOP0P1_IRQHandler                      0x0000010d   Thumb Code     0  startup_nuc029xan.o(.text)
    I2C0_IRQHandler                          0x0000010d   Thumb Code     0  startup_nuc029xan.o(.text)
    I2C1_IRQHandler                          0x0000010d   Thumb Code     0  startup_nuc029xan.o(.text)
    PWMA_IRQHandler                          0x0000010d   Thumb Code     0  startup_nuc029xan.o(.text)
    PWMB_IRQHandler                          0x0000010d   Thumb Code     0  startup_nuc029xan.o(.text)
    PWRWU_IRQHandler                         0x0000010d   Thumb Code     0  startup_nuc029xan.o(.text)
    RTC_IRQHandler                           0x0000010d   Thumb Code     0  startup_nuc029xan.o(.text)
    SPI0_IRQHandler                          0x0000010d   Thumb Code     0  startup_nuc029xan.o(.text)
    SPI1_IRQHandler                          0x0000010d   Thumb Code     0  startup_nuc029xan.o(.text)
    TMR0_IRQHandler                          0x0000010d   Thumb Code     0  startup_nuc029xan.o(.text)
    TMR1_IRQHandler                          0x0000010d   Thumb Code     0  startup_nuc029xan.o(.text)
    TMR2_IRQHandler                          0x0000010d   Thumb Code     0  startup_nuc029xan.o(.text)
    TMR3_IRQHandler                          0x0000010d   Thumb Code     0  startup_nuc029xan.o(.text)
    UART0_IRQHandler                         0x0000010d   Thumb Code     0  startup_nuc029xan.o(.text)
    UART1_IRQHandler                         0x0000010d   Thumb Code     0  startup_nuc029xan.o(.text)
    WDT_IRQHandler                           0x0000010d   Thumb Code     0  startup_nuc029xan.o(.text)
    SH_DoCommand                             0x00000111   Thumb Code    10  startup_nuc029xan.o(.text)
    __PC                                     0x0000011b   Thumb Code     6  startup_nuc029xan.o(.text)
    __aeabi_uidiv                            0x00000149   Thumb Code     0  uidiv_div0.o(.text)
    __aeabi_uidivmod                         0x00000149   Thumb Code    62  uidiv_div0.o(.text)
    __aeabi_uldivmod                         0x00000187   Thumb Code    96  uldiv.o(.text)
    __I$use$fp                               0x000001e7   Thumb Code     0  iusefp.o(.text)
    __aeabi_dadd                             0x000001e9   Thumb Code   328  dadd.o(.text)
    __aeabi_dsub                             0x00000331   Thumb Code    12  dadd.o(.text)
    __aeabi_drsub                            0x0000033d   Thumb Code    12  dadd.o(.text)
    __aeabi_dmul                             0x0000034d   Thumb Code   202  dmul.o(.text)
    __aeabi_ddiv                             0x0000041d   Thumb Code   234  ddiv.o(.text)
    __aeabi_d2ulz                            0x0000050d   Thumb Code    54  dfixul.o(.text)
    __aeabi_cdrcmple                         0x0000054d   Thumb Code    38  cdrcmple.o(.text)
    __scatterload                            0x00000575   Thumb Code    38  init.o(.text)
    __scatterload_rt2                        0x00000575   Thumb Code     0  init.o(.text)
    __aeabi_llsl                             0x000005a5   Thumb Code    32  llshl.o(.text)
    _ll_shift_l                              0x000005a5   Thumb Code     0  llshl.o(.text)
    __aeabi_llsr                             0x000005c5   Thumb Code    34  llushr.o(.text)
    _ll_ushift_r                             0x000005c5   Thumb Code     0  llushr.o(.text)
    __aeabi_lasr                             0x000005e7   Thumb Code    38  llsshr.o(.text)
    _ll_sshift_r                             0x000005e7   Thumb Code     0  llsshr.o(.text)
    _double_round                            0x0000060d   Thumb Code    26  depilogue.o(.text)
    _double_epilogue                         0x00000627   Thumb Code   164  depilogue.o(.text)
    GPIOP2P3P4_IRQHandler                    0x00000811   Thumb Code    84  switch.o(.text.GPIOP2P3P4_IRQHandler)
    ProcessHardFault                         0x00000885   Thumb Code    64  retarget.o(.text.ProcessHardFault)
    SH_Return                                0x000008c9   Thumb Code    14  retarget.o(.text.SH_Return)
    SW_GetEvent                              0x000008d9   Thumb Code    28  switch.o(.text.SW_GetEvent)
    SW_GetState                              0x000008f5   Thumb Code    20  switch.o(.text.SW_GetState)
    SW_Init                                  0x0000090d   Thumb Code   192  switch.o(.text.SW_Init)
    SW_Process                               0x000009f1   Thumb Code   136  switch.o(.text.SW_Process)
    SYS_Init                                 0x00000a85   Thumb Code    44  main.o(.text.SYS_Init)
    SendChar                                 0x00000b01   Thumb Code    16  retarget.o(.text.SendChar)
    SendChar_ToUART                          0x00000b11   Thumb Code    64  retarget.o(.text.SendChar_ToUART)
    SystemCoreClockUpdate                    0x00000b55   Thumb Code    96  system_nuc029xan.o(.text.SystemCoreClockUpdate)
    SystemInit                               0x00000bd1   Thumb Code     2  system_nuc029xan.o(.text.SystemInit)
    UART_Open                                0x00000bd5   Thumb Code   212  uart.o(.text.UART_Open)
    fputc                                    0x00000cbd   Thumb Code    20  retarget.o(.text.fputc)
    main                                     0x00000cd1   Thumb Code   100  main.o(.text.main)
    __0printf                                0x00000d41   Thumb Code    24  printfa.o(i.__0printf)
    __1printf                                0x00000d41   Thumb Code     0  printfa.o(i.__0printf)
    __2printf                                0x00000d41   Thumb Code     0  printfa.o(i.__0printf)
    __c89printf                              0x00000d41   Thumb Code     0  printfa.o(i.__0printf)
    printf                                   0x00000d41   Thumb Code     0  printfa.o(i.__0printf)
    __ARM_clz                                0x00000d61   Thumb Code    46  depilogue.o(i.__ARM_clz)
    __scatterload_copy                       0x00000d8f   Thumb Code    14  handlers.o(i.__scatterload_copy)
    __scatterload_null                       0x00000d9d   Thumb Code     2  handlers.o(i.__scatterload_null)
    __scatterload_zeroinit                   0x00000d9f   Thumb Code    14  handlers.o(i.__scatterload_zeroinit)
    gau32ClkSrcTbl                           0x00001658   Data          32  system_nuc029xan.o(.rodata.gau32ClkSrcTbl)
    Region$$Table$$Base                      0x000016c0   Number         0  anon$$obj.o(Region$$Table)
    Region$$Table$$Limit                     0x000016e0   Number         0  anon$$obj.o(Region$$Table)
    CyclesPerUs                              0x20000000   Data           4  system_nuc029xan.o(.data.CyclesPerUs)
    PllClock                                 0x20000004   Data           4  system_nuc029xan.o(.data.PllClock)
    SystemCoreClock                          0x20000008   Data           4  system_nuc029xan.o(.data.SystemCoreClock)
    __stdout                                 0x20000014   Data          84  retarget.o(.bss.__stdout)
    __initial_sp                             0x20000270   Data           0  startup_nuc029xan.o(STACK)



==============================================================================

Memory Map of the image

  Image Entry point : 0x000000d5

  Load Region LR_1 (Base: 0x00000000, Size: 0x000016ec, Max: 0xffffffff, ABSOLUTE)

    Execution Region ER_RO (Exec base: 0x00000000, Load base: 0x00000000, Size: 0x000016e0, Max: 0xffffffff, ABSOLUTE)

    Exec Addr    Load Addr    Size         Type   Attr      Idx    E Section Name        Object

    0x00000000   0x00000000   0x000000c0   Data   RO            3    RESET               startup_nuc029xan.o
    0x000000c0   0x000000c0   0x00000000   Code   RO          226  * .ARM.Collect$$$$00000000  mc_p.l(entry.o)
    0x000000c0   0x000000c0   0x00000004   Code   RO          259    .ARM.Collect$$$$00000001  mc_p.l(entry2.o)
    0x000000c4   0x000000c4   0x00000004   Code   RO          262    .ARM.Collect$$$$00000004  mc_p.l(entry5.o)
    0x000000c8   0x000000c8   0x00000000   Code   RO          264    .ARM.Collect$$$$00000008  mc_p.l(entry7b.o)
    0x000000c8   0x000000c8   0x00000000   Code   RO          266    .ARM.Collect$$$$0000000A  mc_p.l(entry8b.o)
    0x000000c8   0x000000c8   0x00000008   Code   RO          267    .ARM.Collect$$$$0000000B  mc_p.l(entry9a.o)
    0x000000d0   0x000000d0   0x00000000   Code   RO          269    .ARM.Collect$$$$0000000D  mc_p.l(entry10a.o)
    0x000000d0   0x000000d0   0x00000000   Code   RO          271    .ARM.Collect$$$$0000000F  mc_p.l(entry11a.o)
    0x000000d0   0x000000d0   0x00000004   Code   RO          260    .ARM.Collect$$$$00002712  mc_p.l(entry2.o)
    0x000000d4   0x000000d4   0x00000074   Code   RO            4  * .text               startup_nuc029xan.o
    0x00000148   0x00000148   0x0000003e   Code   RO          275    .text               mc_p.l(uidiv_div0.o)
    0x00000186   0x00000186   0x00000060   Code   RO          281    .text               mc_p.l(uldiv.o)
    0x000001e6   0x000001e6   0x00000000   Code   RO          283    .text               mc_p.l(iusefp.o)
    0x000001e6   0x000001e6   0x00000002   PAD
    0x000001e8   0x000001e8   0x00000164   Code   RO          284    .text               mf_p.l(dadd.o)
    0x0000034c   0x0000034c   0x000000d0   Code   RO          286    .text               mf_p.l(dmul.o)
    0x0000041c   0x0000041c   0x000000f0   Code   RO          288    .text               mf_p.l(ddiv.o)
    0x0000050c   0x0000050c   0x00000040   Code   RO          290    .text               mf_p.l(dfixul.o)
    0x0000054c   0x0000054c   0x00000028   Code   RO          292    .text               mf_p.l(cdrcmple.o)
    0x00000574   0x00000574   0x00000030   Code   RO          294    .text               mc_p.l(init.o)
    0x000005a4   0x000005a4   0x00000020   Code   RO          296    .text               mc_p.l(llshl.o)
    0x000005c4   0x000005c4   0x00000022   Code   RO          298    .text               mc_p.l(llushr.o)
    0x000005e6   0x000005e6   0x00000026   Code   RO          300    .text               mc_p.l(llsshr.o)
    0x0000060c   0x0000060c   0x000000be   Code   RO          302    .text               mf_p.l(depilogue.o)
    0x000006ca   0x000006ca   0x00000002   PAD
    0x000006cc   0x000006cc   0x00000098   Code   RO           13    .text.CLK_GetPLLClockFreq  system_nuc029xan.o
    0x00000764   0x00000764   0x000000ac   Code   RO           79    .text.CLK_GetPLLClockFreq  uart.o
    0x00000810   0x00000810   0x00000054   Code   RO          214    .text.GPIOP2P3P4_IRQHandler  switch.o
    0x00000864   0x00000864   0x00000020   Code   RO          210    .text.NVIC_EnableIRQ  switch.o
    0x00000884   0x00000884   0x00000044   Code   RO           29    .text.ProcessHardFault  retarget.o
    0x000008c8   0x000008c8   0x0000000e   Code   RO           31    .text.SH_Return     retarget.o
    0x000008d6   0x000008d6   0x00000002   PAD
    0x000008d8   0x000008d8   0x0000001c   Code   RO          204    .text.SW_GetEvent   switch.o
    0x000008f4   0x000008f4   0x00000018   Code   RO          206    .text.SW_GetState   switch.o
    0x0000090c   0x0000090c   0x000000e4   Code   RO          208    .text.SW_Init       switch.o
    0x000009f0   0x000009f0   0x00000094   Code   RO          212    .text.SW_Process    switch.o
    0x00000a84   0x00000a84   0x00000038   Code   RO          185    .text.SYS_Init      main.o
    0x00000abc   0x00000abc   0x00000008   Code   RO          189    .text.SYS_LockReg   main.o
    0x00000ac4   0x00000ac4   0x0000003c   Code   RO          187    .text.SYS_UnlockReg  main.o
    0x00000b00   0x00000b00   0x00000010   Code   RO           35    .text.SendChar      retarget.o
    0x00000b10   0x00000b10   0x00000044   Code   RO           33    .text.SendChar_ToUART  retarget.o
    0x00000b54   0x00000b54   0x0000007c   Code   RO           11    .text.SystemCoreClockUpdate  system_nuc029xan.o
    0x00000bd0   0x00000bd0   0x00000002   Code   RO           15    .text.SystemInit    system_nuc029xan.o
    0x00000bd2   0x00000bd2   0x00000002   PAD
    0x00000bd4   0x00000bd4   0x000000e8   Code   RO           77    .text.UART_Open     uart.o
    0x00000cbc   0x00000cbc   0x00000014   Code   RO           45    .text.fputc         retarget.o
    0x00000cd0   0x00000cd0   0x00000070   Code   RO          191    .text.main          main.o
    0x00000d40   0x00000d40   0x00000020   Code   RO          232    i.__0printf         mc_p.l(printfa.o)
    0x00000d60   0x00000d60   0x0000002e   Code   RO          304    i.__ARM_clz         mf_p.l(depilogue.o)
    0x00000d8e   0x00000d8e   0x0000000e   Code   RO          308    i.__scatterload_copy  mc_p.l(handlers.o)
    0x00000d9c   0x00000d9c   0x00000002   Code   RO          309    i.__scatterload_null  mc_p.l(handlers.o)
    0x00000d9e   0x00000d9e   0x0000000e   Code   RO          310    i.__scatterload_zeroinit  mc_p.l(handlers.o)
    0x00000dac   0x00000dac   0x00000174   Code   RO          239    i._fp_digits        mc_p.l(printfa.o)
    0x00000f20   0x00000f20   0x000006ec   Code   RO          240    i._printf_core      mc_p.l(printfa.o)
    0x0000160c   0x0000160c   0x00000020   Code   RO          241    i._printf_post_padding  mc_p.l(printfa.o)
    0x0000162c   0x0000162c   0x0000002c   Code   RO          242    i._printf_pre_padding  mc_p.l(printfa.o)
    0x00001658   0x00001658   0x00000020   Data   RO           20    .rodata.gau32ClkSrcTbl  system_nuc029xan.o
    0x00001678   0x00001678   0x0000000f   Data   RO           51    .rodata.str1.1      retarget.o
    0x00001687   0x00001687   0x00000021   Data   RO          193    .rodata.str1.1      main.o
    0x000016a8   0x000016a8   0x00000018   Data   RO          216    .rodata.sw_list     switch.o
    0x000016c0   0x000016c0   0x00000020   Data   RO          307    Region$$Table       anon$$obj.o


    Execution Region ER_RW (Exec base: 0x20000000, Load base: 0x000016e0, Size: 0x0000000c, Max: 0xffffffff, ABSOLUTE)

    Exec Addr    Load Addr    Size         Type   Attr      Idx    E Section Name        Object

    0x20000000   0x000016e0   0x00000004   Data   RW           18    .data.CyclesPerUs   system_nuc029xan.o
    0x20000004   0x000016e4   0x00000004   Data   RW           19    .data.PllClock      system_nuc029xan.o
    0x20000008   0x000016e8   0x00000004   Data   RW           17    .data.SystemCoreClock  system_nuc029xan.o


    Execution Region ER_ZI (Exec base: 0x20000010, Load base: 0x000016ec, Size: 0x00000260, Max: 0xffffffff, ABSOLUTE)

    Exec Addr    Load Addr    Size         Type   Attr      Idx    E Section Name        Object

    0x20000010        -       0x00000001   Zero   RW          219    .bss.SW_Process.relay_state  switch.o
    0x20000011   0x000016ec   0x00000003   PAD
    0x20000014        -       0x00000054   Zero   RW           52    .bss.__stdout       retarget.o
    0x20000068        -       0x00000003   Zero   RW          217    .bss.sw_event       switch.o
    0x2000006b        -       0x00000003   Zero   RW          218    .bss.sw_state       switch.o
    0x2000006e   0x000016ec   0x00000002   PAD
    0x20000070        -       0x00000200   Zero   RW            1    STACK               startup_nuc029xan.o


==============================================================================

Image component sizes


      Code (inc. data)   RO Data    RW Data    ZI Data      Debug   Object Name

       236         32         33          0          0       2584   main.o
       186          8         15          0         84       2938   retarget.o
       116         44        192          0        512        868   startup_nuc029xan.o
       544         56         24          0          7       4090   switch.o
       278         28         32         12          0       2080   system_nuc029xan.o
       404         40          0          0          0       6305   uart.o

    ----------------------------------------------------------------------
      1768        208        328         12        608      18865   Object Totals
         0          0         32          0          0          0   (incl. Generated)
         4          0          0          0          5          0   (incl. Padding)

    ----------------------------------------------------------------------

      Code (inc. data)   RO Data    RW Data    ZI Data      Debug   Library Member Name

         0          0          0          0          0          0   entry.o
         0          0          0          0          0          0   entry10a.o
         0          0          0          0          0          0   entry11a.o
         8          4          0          0          0          0   entry2.o
         4          0          0          0          0          0   entry5.o
         0          0          0          0          0          0   entry7b.o
         0          0          0          0          0          0   entry8b.o
         8          4          0          0          0          0   entry9a.o
        30          0          0          0          0          0   handlers.o
        48         10          0          0          0         68   init.o
         0          0          0          0          0          0   iusefp.o
        32          0          0          0          0         68   llshl.o
        38          0          0          0          0         68   llsshr.o
        34          0          0          0          0         68   llushr.o
      2252         98          0          0          0        412   printfa.o
        62          0          0          0          0         72   uidiv_div0.o
        96          0          0          0          0         84   uldiv.o
        40          2          0          0          0         68   cdrcmple.o
       356          4          0          0          0        140   dadd.o
       240          6          0          0          0         84   ddiv.o
       236          0          0          0          0        216   depilogue.o
        64         10          0          0          0         68   dfixul.o
       208          6          0          0          0         88   dmul.o

    ----------------------------------------------------------------------
      3760        144          0          0          0       1504   Library Totals
         4          0          0          0          0          0   (incl. Padding)

    ----------------------------------------------------------------------

      Code (inc. data)   RO Data    RW Data    ZI Data      Debug   Library Name

      2612        116          0          0          0        840   mc_p.l
      1144         28          0          0          0        664   mf_p.l

    ----------------------------------------------------------------------
      3760        144          0          0          0       1504   Library Totals

    ----------------------------------------------------------------------

==============================================================================


      Code (inc. data)   RO Data    RW Data    ZI Data      Debug   

      5528        352        328         12        608      19729   Grand Totals
      5528        352        328         12        608      19729   ELF Image Totals
      5528        352        328         12          0          0   ROM Totals

==============================================================================

    Total RO  Size (Code + RO Data)                 5856 (   5.72kB)
    Total RW  Size (RW Data + ZI Data)               620 (   0.61kB)
    Total ROM Size (Code + RO Data + RW Data)       5868 (   5.73kB)

==============================================================================

